     1                                 %line 1+1 fileInfo.asm
     2                                 
     3                                 
     4                                 
     5                                 
     6                                 
     7                                 
     8                                 %line 1+1 macro.inc
     9                                 
    10                                 
    11                                 
    12                                 
    13                                 
    14                                 
    15                                 
    16                                 LF equ 10
    17                                 TAB equ 9
    18                                 ESC equ 27
    19                                 SPACE equ 32
    20                                 EOL equ 0
    21                                 VAR_SIZE equ 8
    22                                 MAX_PATH equ 4096
    23                                 false equ 0
    24                                 true equ 1
    25                                 EXIT_SUCCESS equ 0
    26                                 EXIT_FAILURE equ 1
    27                                 
    28                                 __S_IFMT equ 0170000
    29                                 
    30                                 [default rel]
    31                                 
    32                                 [extern printf]
    33                                 %line 24+0 macro.inc
    34                                 [extern puts]
    35                                 %line 25+1 macro.inc
    36                                 [extern strcmp]
    37                                 %line 25+0 macro.inc
    38                                 [extern strcat]
    39                                 [extern strlen]
    40                                 %line 26+1 macro.inc
    41                                 [extern strncmp]
    42                                 [extern strncpy]
    43                                 %line 27+0 macro.inc
    44                                 [extern strcpy]
    45                                 %line 28+1 macro.inc
    46                                 [extern strcasecmp]
    47                                 [extern malloc]
    48                                 %line 29+0 macro.inc
    49                                 [extern free]
    50                                 %line 30+1 macro.inc
    51                                 [extern memcpy]
    52                                 %line 30+0 macro.inc
    53                                 [extern memmove]
    54                                 %line 31+1 macro.inc
    55                                 [extern chdir]
    56                                 %line 31+0 macro.inc
    57                                 [extern strncat]
    58                                 [extern getcwd]
    59                                 %line 32+1 macro.inc
    60                                 [extern lstat]
    61                                 %line 32+0 macro.inc
    62                                 [extern getpwnam]
    63                                 %line 33+1 macro.inc
    64                                 [extern opendir]
    65                                 %line 33+0 macro.inc
    66                                 [extern readdir]
    67                                 [extern closedir]
    68                                 %line 34+1 macro.inc
    69                                 [extern getpwuid]
    70                                 %line 34+0 macro.inc
    71                                 [extern getgrgid]
    72                                 %line 35+1 macro.inc
    73                                 [extern readlink]
    74                                 [extern perror]
    75                                 
    76                                 
    77                                 
    78                                 %line 43+1 macro.inc
    79                                 
    80                                 %line 48+1 macro.inc
    81                                 
    82                                 %line 53+1 macro.inc
    83                                 
    84                                 %line 58+1 macro.inc
    85                                 
    86                                 %line 63+1 macro.inc
    87                                 
    88                                 %line 68+1 macro.inc
    89                                 
    90                                 %line 73+1 macro.inc
    91                                 
    92                                 %line 78+1 macro.inc
    93                                 
    94                                 %line 82+1 macro.inc
    95                                 
    96                                 %line 86+1 macro.inc
    97                                 
    98                                 %line 91+1 macro.inc
    99                                 
   100                                 %line 95+1 macro.inc
   101                                 
   102                                 %line 100+1 macro.inc
   103                                 
   104                                 %line 104+1 macro.inc
   105                                 
   106                                 %line 109+1 macro.inc
   107                                 
   108                                 %line 115+1 macro.inc
   109                                 
   110                                 %line 120+1 macro.inc
   111                                 
   112                                 %line 126+1 macro.inc
   113                                 
   114                                 %line 132+1 macro.inc
   115                                 
   116                                 %line 137+1 macro.inc
   117                                 
   118                                 %line 142+1 macro.inc
   119                                 
   120                                 %line 147+1 macro.inc
   121                                 
   122                                 %line 153+1 macro.inc
   123                                 
   124                                 %line 160+1 macro.inc
   125                                 
   126                                 %line 164+1 macro.inc
   127                                 
   128                                 %line 169+1 macro.inc
   129                                 
   130                                 %line 173+1 macro.inc
   131                                 
   132                                 %line 179+1 macro.inc
   133                                 
   134                                 %line 185+1 macro.inc
   135                                 
   136                                 %line 189+1 macro.inc
   137                                 
   138                                 %line 196+1 macro.inc
   139                                 
   140                                 %line 200+1 macro.inc
   141                                 
   142                                 %line 205+1 macro.inc
   143                                 
   144                                 %line 212+1 macro.inc
   145                                 
   146                                 %line 219+1 macro.inc
   147                                 
   148                                 %line 223+1 macro.inc
   149                                 
   150                                 %line 229+1 macro.inc
   151                                 
   152                                 %line 234+1 macro.inc
   153                                 
   154                                 %line 239+1 macro.inc
   155                                 
   156                                 %line 243+1 macro.inc
   157                                 
   158                                 %line 248+1 macro.inc
   159                                 
   160                                 %line 253+1 macro.inc
   161                                 
   162                                 %line 258+1 macro.inc
   163                                 
   164                                 %line 262+1 macro.inc
   165                                 
   166                                 %line 267+1 macro.inc
   167                                 
   168                                 %line 272+1 macro.inc
   169                                 
   170                                 %line 279+1 macro.inc
   171                                 
   172                                 %line 289+1 macro.inc
   173                                 
   174                                 %line 293+1 macro.inc
   175                                 
   176                                 %line 298+1 macro.inc
   177                                 
   178                                 %line 304+1 macro.inc
   179                                 
   180                                 %line 308+1 macro.inc
   181                                 
   182                                 %line 312+1 macro.inc
   183                                 
   184                                 %line 317+1 macro.inc
   185                                 
   186                                 %line 321+1 macro.inc
   187                                 
   188                                 %line 326+1 macro.inc
   189                                 
   190                                 %line 331+1 macro.inc
   191                                 
   192                                 %line 336+1 macro.inc
   193                                 
   194                                 %line 341+1 macro.inc
   195                                 
   196                                 %line 346+1 macro.inc
   197                                 
   198                                 %line 350+1 macro.inc
   199                                 
   200                                 %line 355+1 macro.inc
   201                                 
   202                                 %line 359+1 macro.inc
   203                                 
   204                                 %line 366+1 macro.inc
   205                                 
   206                                 %line 370+1 macro.inc
   207                                 
   208                                 %line 375+1 macro.inc
   209                                 
   210                                 %line 379+1 macro.inc
   211                                 
   212                                 %line 8+1 fileInfo.asm
   213                                 
   214                                 [global main]
   215                                 
   216                                 
   217                                 %line 13+1 fileInfo.asm
   218                                 
   219                                 %line 21+1 fileInfo.asm
   220                                 
   221                                 %line 31+1 fileInfo.asm
   222                                 
   223                                 
   224                                 [section .text]
   225                                 
   226                                 
   227                                 printFileInfo:
   228 00000000 55                      push rbp
   229                                 %line 37+0 fileInfo.asm
   230 00000001 4889E5                  mov rbp, rsp
   231 00000004 4883EC10                sub rsp, 2 * 8
   232                                 %line 38+1 fileInfo.asm
   233                                 
   234 00000008 8D3D(F4FFFFFF)          lea edi, [pFilePath]
   235 0000000E 8D35(F4FFFFFF)          lea esi, [st]
   236 00000014 E8(F6FFFFFF)            call lstat
   237                                 %line 41+0 fileInfo.asm
   238 00000019 85C0                    test eax, eax
   239                                 %line 42+1 fileInfo.asm
   240 0000001B 0F85F8020000            jnz .err1
   241                                 
   242 00000021 488D3D(F2FFFFFF)        lea rdi, [uidgidFmt]
   243 00000028 488B35(08000000)        mov rsi, qword [st + st_uid]
   244 0000002F 488B15(0C000000)        mov rdx, qword [st + st_gid]
   245 00000036 31C0                    xor eax, eax
   246                                 %line 47+0 fileInfo.asm
   247 00000038 E8(F6FFFFFF)            call printf
   248                                 %line 48+1 fileInfo.asm
   249                                 
   250 0000003D 8B3D(0A000000)          mov edi, dword [st + st_uid]
   251 00000043 E8(F6FFFFFF)            call getpwuid
   252 00000048 8905(F4FFFFFF)          mov [pw], eax
   253                                 
   254 0000004E 8B3D(0E000000)          mov edi, dword [st + st_gid]
   255 00000054 E8(F6FFFFFF)            call getgrgid
   256 00000059 8905(F4FFFFFF)          mov [gr], eax
   257                                 
   258 0000005F 3DA0860100              cmp eax, 0100000
   259 00000064 C605(F2FFFFFF)2D        mov byte [filePerm + 0], '-'
   260 0000006B 7459                    je .gotFileType
   261                                 
   262 0000006D 3D409C0000              cmp eax, 0040000
   263 00000072 C605(F2FFFFFF)64        mov byte [filePerm + 0], 'd'
   264 00000079 744B                    je .gotFileType
   265                                 
   266 0000007B A9C0D40100              test eax, 0120000
   267 00000080 C605(F2FFFFFF)6C        mov byte [filePerm + 0], 'l'
   268 00000087 753D                    jnz .gotFileType
   269                                 
   270 00000089 3DE0220200              cmp eax, 0140000
   271 0000008E C605(F2FFFFFF)73        mov byte [filePerm + 0], 's'
   272 00000095 742F                    je .gotFileType
   273                                 
   274 00000097 A960EA0000              test eax, 0060000
   275 0000009C C605(F2FFFFFF)62        mov byte [filePerm + 0], 'b'
   276 000000A3 7521                    jnz .gotFileType
   277                                 
   278 000000A5 3D204E0000              cmp eax, 0020000
   279 000000AA C605(F2FFFFFF)63        mov byte [filePerm + 0], 'c'
   280 000000B1 7513                    jne .gotFileType
   281                                 
   282 000000B3 3D10270000              cmp eax, 0010000
   283 000000B8 C605(F2FFFFFF)70        mov byte [filePerm +0], 'p'
   284 000000BF 7405                    je .gotFileType
   285                                 
   286 000000C1 C605(F2FFFFFF)3F        mov byte [filePerm + 0], '?'
   287                                 
   288                                 .gotFileType:
   289 000000C8 8B05(FEFFFFFF)          mov eax, dword [st + st_mode]
   290 000000CE A990010000              test eax, 0400
   291 000000D3 C605(F3FFFFFF)72        mov byte [filePerm + 1], 'r'
   292 000000DA 75FE                    jnz .gotUserRead
   293                                 
   294                                 .gotUserRead:
   295 000000DC 48A9C8000000            test rax, 0200
   296 000000E2 C605(F4FFFFFF)77        mov byte [filePerm + 2], 'w'
   297 000000E9 75FE                    jnz .gotUserWrite
   298                                 
   299                                 .gotUserWrite:
   300 000000EB 48A964000000            test rax, 0100
   301 000000F1 C605(F5FFFFFF)78        mov byte [filePerm + 3], 'x'
   302 000000F8 75FE                    jnz .gotUserExecute
   303                                 
   304                                 .gotUserExecute:
   305 000000FA 48A928000000            test rax, 0040
   306 00000100 C605(F6FFFFFF)72        mov byte [filePerm + 4], 'r'
   307 00000107 75FE                    jnz .gotGroupRead
   308                                 
   309                                 .gotGroupRead:
   310 00000109 48A914000000            test rax, 0020
   311 0000010F C605(F6FFFFFF)77        mov byte [filePerm + 4], 'w'
   312 00000116 75FE                    jnz .gotGroupWrite
   313                                 
   314                                 .gotGroupWrite:
   315 00000118 48A90A000000            test rax, 0010
   316 0000011E C605(F7FFFFFF)78        mov byte [filePerm + 5], 'x'
   317 00000125 75FE                    jnz .gotGroupExecute
   318                                 
   319                                 .gotGroupExecute:
   320 00000127 48A904000000            test rax, 0004
   321 0000012D C605(F8FFFFFF)72        mov byte [filePerm + 6], 'r'
   322 00000134 75FE                    jnz .gotOtherRead
   323                                 
   324                                 .gotOtherRead:
   325 00000136 48A902000000            test rax, 0002
   326 0000013C C605(F9FFFFFF)77        mov byte [filePerm + 7], 'w'
   327 00000143 75FE                    jnz .gotOtherWrite
   328                                 
   329                                 .gotOtherWrite:
   330 00000145 48A901000000            test rax, 0001
   331 0000014B C605(FAFFFFFF)78        mov byte [filePerm + 8], 'x'
   332 00000152 75FE                    jnz .gotOtherExecute
   333                                 
   334                                 .gotOtherExecute:
   335 00000154 488D3D(F2FFFFFF)        lea rdi, [nameFmt]
   336                                 %line 134+0 fileInfo.asm
   337 0000015B 488D35(F2FFFFFF)        lea rsi, [pFileName]
   338 00000162 31C0                    xor eax, eax
   339 00000164 E8(F6FFFFFF)            call printf
   340                                 %line 135+1 fileInfo.asm
   341 00000169 488D3D(F2FFFFFF)        lea rdi, [strucSizeFmt]
   342 00000170 488B35(18000000)        mov rsi, [st + st_size]
   343 00000177 31C0                    xor eax, eax
   344                                 %line 137+0 fileInfo.asm
   345 00000179 E8(F6FFFFFF)            call printf
   346                                 %line 138+1 fileInfo.asm
   347 0000017E 488D3D(F2FFFFFF)        lea rdi, [uidFmt]
   348                                 %line 138+0 fileInfo.asm
   349 00000185 488D35(F2FFFFFF)        lea rsi, [pw + pw_name]
   350 0000018C 31C0                    xor eax, eax
   351 0000018E E8(F6FFFFFF)            call printf
   352                                 %line 139+1 fileInfo.asm
   353 00000193 488D3D(F2FFFFFF)        lea rdi, [gidFmt]
   354                                 %line 139+0 fileInfo.asm
   355 0000019A 488D35(F2FFFFFF)        lea rsi, [gr + gr_name]
   356 000001A1 31C0                    xor eax, eax
   357 000001A3 E8(F6FFFFFF)            call printf
   358                                 %line 140+1 fileInfo.asm
   359 000001A8 488D3D(F2FFFFFF)        lea rdi, [linksFmt]
   360                                 %line 140+0 fileInfo.asm
   361 000001AF 488D35(00000000)        lea rsi, [st + st_nlink]
   362 000001B6 31C0                    xor eax, eax
   363 000001B8 E8(F6FFFFFF)            call printf
   364                                 %line 141+1 fileInfo.asm
   365 000001BD 488D3D(F2FFFFFF)        lea rdi, [permFmt]
   366                                 %line 141+0 fileInfo.asm
   367 000001C4 488D35(F2FFFFFF)        lea rsi, [filePerm]
   368 000001CB 31C0                    xor eax, eax
   369 000001CD E8(F6FFFFFF)            call printf
   370                                 %line 142+1 fileInfo.asm
   371 000001D2 488D3D(F2FFFFFF)        lea rdi, [sizeFmt]
   372                                 %line 142+0 fileInfo.asm
   373 000001D9 488D35(18000000)        lea rsi, [st + st_size]
   374 000001E0 31C0                    xor eax, eax
   375 000001E2 E8(F6FFFFFF)            call printf
   376                                 %line 143+1 fileInfo.asm
   377                                 
   378 000001E7 488D3D(F2FFFFFF)        lea rdi, [infoFmtSt]
   379 000001EE 488B35(F2FFFFFF)        mov rsi, [st + st_dev]
   380 000001F5 488B15(F4FFFFFF)        mov rdx, [st + st_ino]
   381 000001FC 488B0D(FCFFFFFF)        mov rcx, [st + st_mode]
   382 00000203 4C8B05(00000000)        mov r8, [st + st_nlink]
   383 0000020A 4C8B0D(08000000)        mov r9, [st + st_uid]
   384 00000211 31C0                    xor eax, eax
   385                                 %line 150+0 fileInfo.asm
   386 00000213 E8(F6FFFFFF)            call printf
   387                                 %line 151+1 fileInfo.asm
   388                                 
   389 00000218 488D3D(F2FFFFFF)        lea rdi, [infoFmtPw]
   390 0000021F 48C7C600000000          mov rsi, pw_name
   391 00000226 48C7C208000000          mov rdx, pw_passwd
   392 0000022D 48C7C110000000          mov rcx, pw_uid
   393 00000234 49C7C014000000          mov r8, pw_gid
   394 0000023B 49C7C118000000          mov r9, pw_gecos
   395 00000242 31C0                    xor eax, eax
   396                                 %line 158+0 fileInfo.asm
   397 00000244 E8(F6FFFFFF)            call printf
   398                                 %line 159+1 fileInfo.asm
   399                                 
   400 00000249 488D3D(F2FFFFFF)        lea rdi, [infoFmtGr]
   401 00000250 48C7C600000000          mov rsi, gr_name
   402 00000257 48C7C208000000          mov rdx, gr_passwd
   403 0000025E 48C7C110000000          mov rcx, gr_gid
   404 00000265 48C7C114000000          mov rcx, gr_mem
   405 0000026C 31C0                    xor eax, eax
   406                                 %line 165+0 fileInfo.asm
   407 0000026E E8(F6FFFFFF)            call printf
   408                                 %line 166+1 fileInfo.asm
   409                                 
   410 00000273 488D3D(F2FFFFFF)        lea rdi, [stPtrFmt]
   411 0000027A 488D35(F2FFFFFF)        lea rsi, [st + st_dev]
   412 00000281 488D15(F4FFFFFF)        lea rdx, [st + st_ino]
   413 00000288 488D0D(FCFFFFFF)        lea rcx, [st + st_mode]
   414 0000028F 4C8D05(00000000)        lea r8, [st + st_nlink]
   415 00000296 4C8D0D(08000000)        lea r9, [st + st_uid]
   416 0000029D 31C0                    xor eax, eax
   417                                 %line 173+0 fileInfo.asm
   418 0000029F E8(F6FFFFFF)            call printf
   419                                 %line 174+1 fileInfo.asm
   420                                 
   421 000002A4 488D3D(F2FFFFFF)        lea rdi, [strPtrFmt2]
   422 000002AB 488D35(0C000000)        lea rsi, [st + st_gid]
   423 000002B2 488D15(18000000)        lea rdx, [st + st_size]
   424 000002B9 488D0D(20000000)        lea rcx, [st + st_blksize]
   425 000002C0 31C0                    xor eax, eax
   426                                 %line 179+0 fileInfo.asm
   427 000002C2 E8(F6FFFFFF)            call printf
   428                                 %line 180+1 fileInfo.asm
   429                                 
   430 000002C7 488D3D(F2FFFFFF)        lea rdi, [contsFmt]
   431 000002CE 488B35(F2FFFFFF)        mov rsi, [st + st_dev]
   432 000002D5 488B35(F4FFFFFF)        mov rsi, [st + st_ino]
   433 000002DC 488B15(FCFFFFFF)        mov rdx, [st + st_mode]
   434 000002E3 488B0D(00000000)        mov rcx, [st + st_nlink]
   435 000002EA 4C8B05(08000000)        mov r8, [st + st_uid]
   436 000002F1 31C0                    xor eax, eax
   437                                 %line 187+0 fileInfo.asm
   438 000002F3 E8(F6FFFFFF)            call printf
   439                                 %line 188+1 fileInfo.asm
   440                                 
   441 000002F8 488D3D(F2FFFFFF)        lea rdi, [contsFmt2]
   442 000002FF 488B35(0C000000)        mov rsi, [st + st_gid]
   443 00000306 488B15(18000000)        mov rdx, [st + st_size]
   444 0000030D 488B0D(20000000)        mov rcx, [st + st_blksize]
   445 00000314 31C0                    xor eax, eax
   446                                 %line 193+0 fileInfo.asm
   447 00000316 E8(F6FFFFFF)            call printf
   448                                 %line 194+1 fileInfo.asm
   449                                 
   450 0000031B 31C0                    xor eax, eax
   451 0000031D EB0F                    jmp .fin
   452                                 
   453                                 .err1:
   454 0000031F 488D3D(F2FFFFFF)        lea rdi, [lstatName]
   455                                 %line 199+0 fileInfo.asm
   456 00000326 E8(F6FFFFFF)            call perror
   457                                 %line 200+1 fileInfo.asm
   458                                 .err2:
   459 0000032B B801000000              mov eax, EXIT_FAILURE
   460                                 
   461                                 .fin:
   462 00000330 C9                      leave
   463                                 %line 204+0 fileInfo.asm
   464 00000331 C3                      ret
   465                                 %line 205+1 fileInfo.asm
   466                                 
   467                                 
   468                                 main:
   469 00000332 55                      push rbp
   470                                 %line 208+0 fileInfo.asm
   471 00000333 4889E5                  mov rbp, rsp
   472                                 %line 209+1 fileInfo.asm
   473 00000336 E8C0FCFFFF              call printFileInfo
   474                                 
   475                                 .fin:
   476 0000033B C9                      leave
   477                                 %line 212+0 fileInfo.asm
   478 0000033C C3                      ret
   479                                 %line 213+1 fileInfo.asm
   480                                 
   481                                 
   482                                 
   483                                 [section .bss]
   484                                 [absolute 0]
   485                                 %line 217+0 fileInfo.asm
   486                                 stat:
   487                                 %line 218+1 fileInfo.asm
   488                                  st_dev resw 1
   489                                  st_ino resq 1
   490                                  st_mode resd 1
   491                                  st_nlink resq 1
   492                                  st_uid resd 1
   493                                  st_gid resd 1
   494                                  st_rdev resq 1
   495                                  st_size resq 1
   496                                  st_blksize resq 1
   497                                  st_blocks resq 1
   498                                  st_atime resq 1
   499                                  st_mtime resq 1
   500                                  st_ctime resq 1
   501                                 stat_size EQU $ - stat
   502                                 %line 231+0 fileInfo.asm
   503                                 [section .bss]
   504                                 %line 232+1 fileInfo.asm
   505                                 
   506                                 [absolute 0]
   507                                 %line 233+0 fileInfo.asm
   508                                 pwrd:
   509                                 %line 234+1 fileInfo.asm
   510                                  pw_name resq 1
   511                                  pw_passwd resq 1
   512                                  pw_uid resd 1
   513                                  pw_gid: resd 1
   514                                  pw_gecos resq 1
   515                                  pw_dir resq 1
   516                                  pw_shell resq 1
   517                                 pwrd_size EQU $ - pwrd
   518                                 %line 241+0 fileInfo.asm
   519                                 [section .bss]
   520                                 %line 242+1 fileInfo.asm
   521                                 
   522                                 [absolute 0]
   523                                 %line 243+0 fileInfo.asm
   524                                 grp:
   525                                 %line 244+1 fileInfo.asm
   526                                  gr_name resq 1
   527                                  gr_passwd resq 1
   528                                  gr_gid resd 1
   529                                  gr_mem resb 100
   530                                 grp_size EQU $ - grp
   531                                 %line 248+0 fileInfo.asm
   532                                 [section .bss]
   533                                 %line 249+1 fileInfo.asm
   534                                 
   535                                 
   536                                 [section .data]
   537 00000000 6C7374617420726574-    lstatName db "lstat returned", EOL
   538 00000000 75726E656400       
   539 0000000F 46696C653A2025730A-    nameFmt db "File: %s", LF, EOL
   540 0000000F 00                 
   541 00000019 7569643A2025730A00     uidFmt db "uid: %s", LF, EOL
   542 00000022 6769643A2025730A00     gidFmt db "gid: %s", LF, EOL
   543 0000002B 73745F73697A653A20-    strucSizeFmt db "st_size: %ld", LF, EOL
   544 0000002B 256C640A00         
   545 00000039 7569643A20256A6920-    uidgidFmt db "uid: %ji gid: %ji", LF, EOL
   546 00000039 6769643A20256A690A-
   547 00000039 00                 
   548 0000004C 68617264206C696E6B-    linksFmt db "hard links: %ld", LF, EOL
   549 0000004C 733A20256C640A00   
   550 0000005D 5065726D697373696F-    permFmt db "Permissions: %s", LF, EOL
   551 0000005D 6E733A2025730A00   
   552 0000006E 73697A653A20256C64-    sizeFmt db "size: %ld", LF, EOL
   553 0000006E 0A00               
   554 00000079 73743A2025772C2025-    infoFmtSt db "st: %w, %ld, %d, %ld, %d", LF, EOL
   555 00000079 6C642C2025642C2025-
   556 00000079 6C642C2025640A00   
   557 00000093 70773A20256C642C20-    infoFmtPw db "pw: %ld, %ld, %ld, %ld, %ld", LF, EOL
   558 00000093 256C642C20256C642C-
   559 00000093 20256C642C20256C64-
   560 00000093 0A00               
   561 000000B0 67723A20256C642C20-    infoFmtGr db "gr: %ld, %ld, %ld, %ld", LF, EOL
   562 000000B0 256C642C20256C642C-
   563 000000B0 20256C640A00       
   564 000000C8 73743A2025702C2025-    stPtrFmt db "st: %p, %p, %p, %p, %p, ", EOL
   565 000000C8 702C2025702C202570-
   566 000000C8 2C2025702C2000     
   567 000000E1 25702C2025702C2025-    strPtrFmt2 db "%p, %p, %p", LF, EOL
   568 000000E1 700A00             
   569 000000ED 73743A20256C642C20-    contsFmt db "st: %ld, %ld, %d, %ld, %d, ", EOL
   570 000000ED 256C642C2025642C20-
   571 000000ED 256C642C2025642C20-
   572 000000ED 00                 
   573 00000109 256C642C20256C642C-    contsFmt2 db "%ld, %ld, %ld", LF, EOL
   574 00000109 20256C640A00       
   575                                 
   576                                 [section .data]
   577 00000118 2D2D2D2D2D2D2D2D2D-    filePerm db '-', '-', '-', '-', '-', '-', '-', '-', '-', '-', EOL
   578 00000118 2D00               
   579 00000123 2000                   userIdStr db 32, EOL
   580 00000125 2000                   groupIdStr db 32, EOL
   581 00000127 0500                   fileSize db 5, EOL
   582 00000129 0C00                   fileTime db 12, EOL
   583 0000012B 2F686F6D652F6A732F-    pFilePath db "/home/js/Development/asm_x86_64/userAsm/fileInfo", EOL
   584 0000012B 446576656C6F706D65-
   585 0000012B 6E742F61736D5F7838-
   586 0000012B 365F36342F75736572-
   587 0000012B 41736D2F66696C6549-
   588 0000012B 6E666F00           
   589 0000015C 66696C65496E666F00     pFileName db "fileInfo", EOL
   590                                 
   591                                 st :
   592                                 %line 278+0 fileInfo.asm
   593                                 ..@77.strucstart:
   594                                 %line 279+1 fileInfo.asm
   595 00000165 00<rept>               times stat_size-($-..@77.strucstart) db 0
   596                                 pw :
   597                                 %line 280+0 fileInfo.asm
   598                                 ..@80.strucstart:
   599                                 %line 281+1 fileInfo.asm
   600 000001BB 00<rept>               times pwrd_size-($-..@80.strucstart) db 0
   601                                 gr :
   602                                 %line 282+0 fileInfo.asm
   603                                 ..@83.strucstart:
   604                                 %line 283+1 fileInfo.asm
   605 000001EB 00<rept>               times grp_size-($-..@83.strucstart) db 0
   606                                 
   607                                 
